// Jest Snapshot v1, https://goo.gl/fbAQLP

exports[`App Component Rendering App component successfully 1`] = `ShallowWrapper {}`;
